******************************************************************************
                  TI ARM Linker PC v20.2.7                     
******************************************************************************
>> Linked Sun Nov  5 23:11:44 2023

OUTPUT FILE NAME:   <blinky.out>
ENTRY POINT SYMBOL: "_c_int00_noargs"  address: 00000e95


MEMORY CONFIGURATION

         name            origin    length      used     unused   attr    fill
----------------------  --------  ---------  --------  --------  ----  --------
  FLASH                 00000000   00100000  0000114e  000feeb2  R  X
  SRAM                  20000000   00040000  00000205  0003fdfb  RW X


SEGMENT ALLOCATION MAP

run origin  load origin   length   init length attrs members
----------  ----------- ---------- ----------- ----- -------
00000000    00000000    00001150   00001150    r-x
  00000000    00000000    00000200   00000200    r-- .intvecs
  00000200    00000200    00000e0a   00000e0a    r-x .text
  0000100c    0000100c    0000012c   0000012c    r-- .const
  00001138    00001138    00000018   00000018    r-- .cinit
20000000    20000000    00000205   00000000    rw-
  20000000    20000000    00000200   00000000    rw- .stack
  20000200    20000200    00000005   00000000    rw- .data


SECTION ALLOCATION MAP

 output                                  attributes/
section   page    origin      length       input sections
--------  ----  ----------  ----------   ----------------
.intvecs   0    00000000    00000200     
                  00000000    00000200     startup_ccs.obj (.intvecs)

.text      0    00000200    00000e0a     
                  00000200    0000030c     uartstdio.obj (.text:UARTvprintf)
                  0000050c    0000016c     driverlib.lib : gpio.obj (.text:GPIOPadConfigSet)
                  00000678    00000118                   : sysctl.obj (.text:SysCtlClockGet)
                  00000790    00000118     blinky.obj (.text:main)
                  000008a8    000000bc     blinky.obj (.text:I2CReadMultiple)
                  00000964    000000bc     blinky.obj (.text:I2CWriteMultiple)
                  00000a20    0000009c     rtsv7M4_T_le_v4SPD16_eabi.lib : memcpy_t2.asm.obj (.text)
                  00000abc    0000007a                                   : memset_t2.asm.obj (.text)
                  00000b36    00000002     startup_ccs.obj (.text:FaultISR)
                  00000b38    00000074     uartstdio.obj (.text:UARTStdioConfig)
                  00000bac    00000068     rtsv7M4_T_le_v4SPD16_eabi.lib : copy_decompress_lzss.c.obj (.text:decompress:lzss:__TI_decompress_lzss)
                  00000c14    00000064     uartstdio.obj (.text:UARTwrite)
                  00000c78    0000004c     driverlib.lib : gpio.obj (.text:GPIOPinConfigure)
                  00000cc4    0000004c                   : i2c.obj (.text:I2CMasterInitExpClk)
                  00000d10    0000004c     blinky.obj (.text:initConsole)
                  00000d5c    00000044     blinky.obj (.text:I2CWriteSingle)
                  00000da0    00000044     rtsv7M4_T_le_v4SPD16_eabi.lib : autoinit.c.obj (.text:__TI_auto_init_nobinit_nopinit:__TI_auto_init_nobinit_nopinit)
                  00000de4    00000040                                   : u_divt2.asm.obj (.text)
                  00000e24    0000003c     blinky.obj (.text:I2CReadSingle)
                  00000e60    00000034     driverlib.lib : sysctl.obj (.text:SysCtlPeripheralEnable)
                  00000e94    00000034     rtsv7M4_T_le_v4SPD16_eabi.lib : boot_cortex_m.c.obj (.text:_c_int00_noargs:_c_int00_noargs)
                  00000ec8    0000002c     driverlib.lib : gpio.obj (.text:GPIODirModeSet)
                  00000ef4    00000024     blinky.obj (.text:BMI160ReadMultipleRegisters)
                  00000f18    00000024     uartstdio.obj (.text:UARTprintf)
                  00000f3c    0000001c     blinky.obj (.text:BMI160Init)
                  00000f58    00000018     blinky.obj (.text:BMI160ReadSingleRegister)
                  00000f70    00000016     driverlib.lib : gpio.obj (.text:GPIOPinTypeI2C)
                  00000f86    00000016                   : gpio.obj (.text:GPIOPinTypeI2CSCL)
                  00000f9c    00000016                   : gpio.obj (.text:GPIOPinTypeUART)
                  00000fb2    0000000e     rtsv7M4_T_le_v4SPD16_eabi.lib : copy_decompress_none.c.obj (.text:decompress:none:__TI_decompress_none)
                  00000fc0    0000000a     blinky.obj (.text:BMI160GetDataStatus)
                  00000fca    0000000a     driverlib.lib : i2c.obj (.text:I2CMasterEnable)
                  00000fd4    00000008                   : i2c.obj (.text:I2CMasterBusy)
                  00000fdc    00000008                   : i2c.obj (.text:I2CMasterSlaveAddrSet)
                  00000fe4    00000006     startup_ccs.obj (.text:ResetISR)
                  00000fea    00000006     driverlib.lib : uart.obj (.text:UARTClockSourceSet)
                  00000ff0    00000004                   : i2c.obj (.text:I2CMasterControl)
                  00000ff4    00000004                   : i2c.obj (.text:I2CMasterDataGet)
                  00000ff8    00000004                   : i2c.obj (.text:I2CMasterDataPut)
                  00000ffc    00000004     rtsv7M4_T_le_v4SPD16_eabi.lib : pre_init.c.obj (.text:_system_pre_init)
                  00001000    00000004                                   : exit.c.obj (.text:abort:abort)
                  00001004    00000002     startup_ccs.obj (.text:IntDefaultHandler)
                  00001006    00000002     startup_ccs.obj (.text:NmiSR)
                  00001008    00000002     rtsv7M4_T_le_v4SPD16_eabi.lib : div0.asm.obj (.text)

.const     0    0000100c    0000012c     
                  0000100c    00000090     driverlib.lib : gpio.obj (.const:g_pui32GPIOBaseAddrs)
                  0000109c    0000006c                   : sysctl.obj (.const:g_pui32Xtals)
                  00001108    00000012     uartstdio.obj (.const:.string)
                  0000111a    00000002     blinky.obj (.const:.string:$P$T0$1)
                  0000111c    0000000c     uartstdio.obj (.const:g_ui32UARTBase)
                  00001128    0000000c     uartstdio.obj (.const:g_ui32UARTPeriph)
                  00001134    00000004     uartstdio.obj (.const)

.cinit     0    00001138    00000018     
                  00001138    00000008     (__TI_handler_table)
                  00001140    00000007     (.cinit..data.load) [load image, compression = lzss]
                  00001147    00000001     --HOLE-- [fill = 0]
                  00001148    00000008     (__TI_cinit_table)

.init_array 
*          0    00000000    00000000     UNINITIALIZED

.data      0    20000200    00000005     UNINITIALIZED
                  20000200    00000005     uartstdio.obj (.data)

.stack     0    20000000    00000200     UNINITIALIZED
                  20000000    00000004     rtsv7M4_T_le_v4SPD16_eabi.lib : boot_cortex_m.c.obj (.stack)
                  20000004    000001fc     --HOLE--

__llvm_prf_cnts 
*          0    20000000    00000000     UNINITIALIZED

.binit     0    00000000    00000000     

MODULE SUMMARY

       Module                       code   ro data   rw data
       ------                       ----   -------   -------
    .\
       uartstdio.obj                1032   46        5      
       blinky.obj                   958    2         0      
       startup_ccs.obj              12     512       0      
    +--+----------------------------+------+---------+---------+
       Total:                       2002   560       5      
                                                            
    C:/ti/TivaWare_C_Series-2.2.0.295/driverlib/ccs/Debug/driverlib.lib
       gpio.obj                     550    144       0      
       sysctl.obj                   332    108       0      
       i2c.obj                      114    0         0      
       uart.obj                     6      0         0      
    +--+----------------------------+------+---------+---------+
       Total:                       1002   252       0      
                                                            
    C:\ti\ccs1250\ccs\tools\compiler\ti-cgt-arm_20.2.7.LTS\lib\rtsv7M4_T_le_v4SPD16_eabi.lib
       memcpy_t2.asm.obj            156    0         0      
       memset_t2.asm.obj            122    0         0      
       copy_decompress_lzss.c.obj   104    0         0      
       autoinit.c.obj               68     0         0      
       u_divt2.asm.obj              64     0         0      
       boot_cortex_m.c.obj          52     0         0      
       copy_decompress_none.c.obj   14     0         0      
       exit.c.obj                   4      0         0      
       pre_init.c.obj               4      0         0      
       div0.asm.obj                 2      0         0      
    +--+----------------------------+------+---------+---------+
       Total:                       590    0         0      
                                                            
       Stack:                       0      0         512    
       Linker Generated:            0      23        0      
    +--+----------------------------+------+---------+---------+
       Grand Total:                 3594   835       517    


LINKER GENERATED COPY TABLES

__TI_cinit_table @ 00001148 records: 1, size/record: 8, table size: 8
	.data: load addr=00001140, load size=00000007 bytes, run addr=20000200, run size=00000005 bytes, compression=lzss


LINKER GENERATED HANDLER TABLE

__TI_handler_table @ 00001138 records: 2, size/record: 4, table size: 8
	index: 0, handler: __TI_decompress_lzss
	index: 1, handler: __TI_decompress_none


GLOBAL SYMBOLS: SORTED ALPHABETICALLY BY Name 

address   name                          
-------   ----                          
00000fc1  BMI160GetDataStatus           
00000f3d  BMI160Init                    
00000ef5  BMI160ReadMultipleRegisters   
00000f59  BMI160ReadSingleRegister      
00001001  C$$EXIT                       
00000ec9  GPIODirModeSet                
0000050d  GPIOPadConfigSet              
00000c79  GPIOPinConfigure              
00000f71  GPIOPinTypeI2C                
00000f87  GPIOPinTypeI2CSCL             
00000f9d  GPIOPinTypeUART               
00000fd5  I2CMasterBusy                 
00000ff1  I2CMasterControl              
00000ff5  I2CMasterDataGet              
00000ff9  I2CMasterDataPut              
00000fcb  I2CMasterEnable               
00000cc5  I2CMasterInitExpClk           
00000fdd  I2CMasterSlaveAddrSet         
000008a9  I2CReadMultiple               
00000e25  I2CReadSingle                 
00000965  I2CWriteMultiple              
00000d5d  I2CWriteSingle                
00000fe5  ResetISR                      
00000679  SysCtlClockGet                
00000e61  SysCtlPeripheralEnable        
00000feb  UARTClockSourceSet            
00000b39  UARTStdioConfig               
00000f19  UARTprintf                    
00000201  UARTvprintf                   
00000c15  UARTwrite                     
20000200  __STACK_END                   
00000200  __STACK_SIZE                  
20000200  __STACK_TOP                   
00001148  __TI_CINIT_Base               
00001150  __TI_CINIT_Limit              
00001138  __TI_Handler_Table_Base       
00001140  __TI_Handler_Table_Limit      
00000da1  __TI_auto_init_nobinit_nopinit
00000bad  __TI_decompress_lzss          
00000fb3  __TI_decompress_none          
ffffffff  __TI_pprof_out_hndl           
ffffffff  __TI_prof_data_size           
ffffffff  __TI_prof_data_start          
00000000  __TI_static_base__            
00001009  __aeabi_idiv0                 
00001009  __aeabi_ldiv0                 
00000abd  __aeabi_memclr                
00000abd  __aeabi_memclr4               
00000abd  __aeabi_memclr8               
00000a21  __aeabi_memcpy                
00000a21  __aeabi_memcpy4               
00000a21  __aeabi_memcpy8               
00000abf  __aeabi_memset                
00000abf  __aeabi_memset4               
00000abf  __aeabi_memset8               
00000de5  __aeabi_uidiv                 
00000de5  __aeabi_uidivmod              
ffffffff  __binit__                     
ffffffff  __c_args__                    
UNDEFED   __mpu_init                    
20000000  __stack                       
20000000  __start___llvm_prf_cnts       
20000000  __stop___llvm_prf_cnts        
00000e95  _c_int00_noargs               
UNDEFED   _system_post_cinit            
00000ffd  _system_pre_init              
00001001  abort                         
ffffffff  binit                         
00000000  g_pfnVectors                  
00000d11  initConsole                   
00000791  main                          
00000a21  memcpy                        
00000ac5  memset                        


GLOBAL SYMBOLS: SORTED BY Symbol Address 

address   name                          
-------   ----                          
00000000  __TI_static_base__            
00000000  g_pfnVectors                  
00000200  __STACK_SIZE                  
00000201  UARTvprintf                   
0000050d  GPIOPadConfigSet              
00000679  SysCtlClockGet                
00000791  main                          
000008a9  I2CReadMultiple               
00000965  I2CWriteMultiple              
00000a21  __aeabi_memcpy                
00000a21  __aeabi_memcpy4               
00000a21  __aeabi_memcpy8               
00000a21  memcpy                        
00000abd  __aeabi_memclr                
00000abd  __aeabi_memclr4               
00000abd  __aeabi_memclr8               
00000abf  __aeabi_memset                
00000abf  __aeabi_memset4               
00000abf  __aeabi_memset8               
00000ac5  memset                        
00000b39  UARTStdioConfig               
00000bad  __TI_decompress_lzss          
00000c15  UARTwrite                     
00000c79  GPIOPinConfigure              
00000cc5  I2CMasterInitExpClk           
00000d11  initConsole                   
00000d5d  I2CWriteSingle                
00000da1  __TI_auto_init_nobinit_nopinit
00000de5  __aeabi_uidiv                 
00000de5  __aeabi_uidivmod              
00000e25  I2CReadSingle                 
00000e61  SysCtlPeripheralEnable        
00000e95  _c_int00_noargs               
00000ec9  GPIODirModeSet                
00000ef5  BMI160ReadMultipleRegisters   
00000f19  UARTprintf                    
00000f3d  BMI160Init                    
00000f59  BMI160ReadSingleRegister      
00000f71  GPIOPinTypeI2C                
00000f87  GPIOPinTypeI2CSCL             
00000f9d  GPIOPinTypeUART               
00000fb3  __TI_decompress_none          
00000fc1  BMI160GetDataStatus           
00000fcb  I2CMasterEnable               
00000fd5  I2CMasterBusy                 
00000fdd  I2CMasterSlaveAddrSet         
00000fe5  ResetISR                      
00000feb  UARTClockSourceSet            
00000ff1  I2CMasterControl              
00000ff5  I2CMasterDataGet              
00000ff9  I2CMasterDataPut              
00000ffd  _system_pre_init              
00001001  C$$EXIT                       
00001001  abort                         
00001009  __aeabi_idiv0                 
00001009  __aeabi_ldiv0                 
00001138  __TI_Handler_Table_Base       
00001140  __TI_Handler_Table_Limit      
00001148  __TI_CINIT_Base               
00001150  __TI_CINIT_Limit              
20000000  __stack                       
20000000  __start___llvm_prf_cnts       
20000000  __stop___llvm_prf_cnts        
20000200  __STACK_END                   
20000200  __STACK_TOP                   
ffffffff  __TI_pprof_out_hndl           
ffffffff  __TI_prof_data_size           
ffffffff  __TI_prof_data_start          
ffffffff  __binit__                     
ffffffff  __c_args__                    
ffffffff  binit                         
UNDEFED   __mpu_init                    
UNDEFED   _system_post_cinit            

[73 symbols]
